iqr []:
   NaN

iqr [1]:
   0

iqr [1,2]:
   0.5

iqr [1,2,3]:
   1

iqr [1,2,3,4]:
   1.5

iqr [1,2,3,4,5]:
   2

iqr [1,2,3,4,5,6]:
   2.5

