median []:
   NaN

median [1]:
   1

median [1,2]:
   1.5

median [1,2,3]:
   2

median [1,2,3,4]:
   2.5

median [1,2,3,4,5]:
   3

