hour:
  2010-12-31T23:59:59Z -> Fri Dec 31 2010 15:00:00 GMT-0800 (PST)
  2011-01-01T00:00:00Z -> Fri Dec 31 2010 16:00:00 GMT-0800 (PST)
  2011-01-01T00:59:00Z -> Fri Dec 31 2010 16:00:00 GMT-0800 (PST)
  2011-01-01T01:00:00Z -> Fri Dec 31 2010 17:00:00 GMT-0800 (PST)
  2011-03-13T08:00:00Z -> Sun Mar 13 2011 00:00:00 GMT-0800 (PST)
  2011-03-13T09:00:00Z -> Sun Mar 13 2011 01:00:00 GMT-0800 (PST)
  2011-03-13T10:00:00Z -> Sun Mar 13 2011 03:00:00 GMT-0700 (PDT)
  2011-11-06T08:00:00Z -> Sun Nov 06 2011 01:00:00 GMT-0800 (PST)
  2011-11-06T09:00:00Z -> Sun Nov 06 2011 01:00:00 GMT-0800 (PST)
  2011-11-06T10:00:00Z -> Sun Nov 06 2011 02:00:00 GMT-0800 (PST)

hour.utc:
  2010-12-31T23:59:59Z -> Fri Dec 31 2010 15:00:00 GMT-0800 (PST)
  2011-01-01T00:00:00Z -> Fri Dec 31 2010 16:00:00 GMT-0800 (PST)
  2011-01-01T00:59:00Z -> Fri Dec 31 2010 16:00:00 GMT-0800 (PST)
  2011-01-01T01:00:00Z -> Fri Dec 31 2010 17:00:00 GMT-0800 (PST)
  2011-03-13T08:00:00Z -> Sun Mar 13 2011 00:00:00 GMT-0800 (PST)
  2011-03-13T09:00:00Z -> Sun Mar 13 2011 01:00:00 GMT-0800 (PST)
  2011-03-13T10:00:00Z -> Sun Mar 13 2011 03:00:00 GMT-0700 (PDT)
  2011-11-06T08:00:00Z -> Sun Nov 06 2011 01:00:00 GMT-0800 (PST)
  2011-11-06T09:00:00Z -> Sun Nov 06 2011 01:00:00 GMT-0800 (PST)
  2011-11-06T10:00:00Z -> Sun Nov 06 2011 02:00:00 GMT-0800 (PST)

