max:
  5

max with accessor function:
  10

max index:
  4

max with first element NaN:
  5

max with last element NaN:
  5

