min:
  1

min with accessor function:
  5

min index:
  0

min with first element NaN:
  1

min with last element NaN:
  1

min with null and undefined elements:
  3

