zip [1, 2] [3, 4]:
  1,3,2,4

zip [1, 2] [3, 4] [5, 6, 7]:
  1,3,5,2,4,6,,,7

