nrd0:
   0.7635139420854616

nrd:
   0.899249754011766

