domain(-1, 0, 1).range(red, white, green):
         -1.0 -> rgb(255,0,0)
         -0.8 -> rgb(255,51,51)
         -0.6 -> rgb(255,102,102)
         -0.4 -> rgb(255,153,153)
         -0.2 -> rgb(255,204,204)
          0.0 -> rgb(255,255,255)
          0.2 -> rgb(204,230,204)
          0.4 -> rgb(153,204,153)
          0.6 -> rgb(102,179,102)
          0.8 -> rgb(51,153,51)
          1.0 -> rgb(0,128,0)

domain(-1, 0, 1).range(-100, 0, 10):
         -1.5 -> −150.000
         -1.0 -> −100.000
         -0.5 -> −50.000
          0.0 ->  0.000
          0.5 ->  5.000
          1.0 ->  10.000
          1.5 ->  15.000

