variance []:
   NaN

variance [1]:
   0

variance [1,2]:
   0.5

variance [1,2,3]:
   1

variance [1,2,3,4]:
   1.6666666666666667

variance [1,2,3,4,5]:
   2.5

